2026-07-04T19:15:59.804Z -INFO vmware-vmx 13549 [fusion@4413 threadName="vmx"] Log for vmrun pid=13549 version=1.17.0 build=25388279 option=Release
2026-07-04T19:15:59.804Z -INFO vmware-vmx 13549 [fusion@4413 threadName="vmx"] The host is 64-bit Arm.
2026-07-04T19:15:59.804Z -INFO vmware-vmx 13549 [fusion@4413 threadName="vmx"] Host codepage=UTF-8 encoding=UTF-8
2026-07-04T19:15:59.804Z -INFO vmware-vmx 13549 [fusion@4413 threadName="vmx"] Host is macOS 26.5.1 (25F80) Darwin 25.5.0
2026-07-04T19:15:59.804Z -INFO vmware-vmx 13549 [fusion@4413 threadName="vmx"] Host offset from UTC is +02:00.
2026-07-04T19:15:59.777Z -INFO vmware-vmx 13549 [fusion@4413 threadName="vmx"] VTHREAD 8439471744 "vmx" tid 17847058
2026-07-04T19:15:59.778Z -INFO vmware-vmx 13549 [fusion@4413 threadName="vmx"] DictionaryLoad: Cannot open file "/Library/Preferences/VMware Fusion/vsphereFeatures/vsphereFeatures.cfg": No such file or directory.
2026-07-04T19:15:59.779Z -INFO vmware-vmx 13549 [fusion@4413 threadName="vmx"] [msg.dictionary.load.openFailed] Cannot open file "/Library/Preferences/VMware Fusion/vsphereFeatures/vsphereFeatures.cfg": No such file or directory.
2026-07-04T19:15:59.779Z -INFO vmware-vmx 13549 [fusion@4413 threadName="vmx"] FeatureStateLib: Error while loading feature config file: /Library/Preferences/VMware Fusion/vsphereFeatures/vsphereFeatures.cfg, using default feature state values.
2026-07-04T19:15:59.779Z -INFO vmware-vmx 13549 [fusion@4413 threadName="vmx"] DictionaryLoad: Cannot open file "/Library/Preferences/VMware Fusion/vsphereFeatures/techPreview.cfg": No such file or directory.
2026-07-04T19:15:59.779Z -INFO vmware-vmx 13549 [fusion@4413 threadName="vmx"] [msg.dictionary.load.openFailed] Cannot open file "/Library/Preferences/VMware Fusion/vsphereFeatures/techPreview.cfg": No such file or directory.
2026-07-04T19:15:59.779Z -INFO vmware-vmx 13549 [fusion@4413 threadName="vmx"] FeatureStateLib: Error while loading tech preview config file: /Library/Preferences/VMware Fusion/vsphereFeatures/techPreview.cfg, using default (disabled) for all Tech Preview features.
2026-07-04T19:15:59.782Z -INFO vmware-vmx 13549 [fusion@4413 threadName="vmx"] Msg_SetLocaleEx: HostLocale=UTF-8 UserLocale=en
2026-07-04T19:15:59.783Z -INFO vmware-vmx 13549 [fusion@4413 threadName="vmx"] DictionaryLoad: Cannot open file "/Applications/VMware Fusion.app/Contents/Library/messages/en/vmware.vmsg": No such file or directory.
2026-07-04T19:15:59.784Z -INFO vmware-vmx 13549 [fusion@4413 threadName="vmx"] DictionaryLoad: Cannot open file "/Library/Preferences/VMware Fusion/config": No such file or directory.
2026-07-04T19:15:59.784Z -INFO vmware-vmx 13549 [fusion@4413 threadName="vmx"] Msg_Reset:
2026-07-04T19:15:59.784Z -INFO vmware-vmx 13549 [fusion@4413 threadName="vmx"] [msg.dictionary.load.openFailed] Cannot open file "/Library/Preferences/VMware Fusion/config": No such file or directory.
2026-07-04T19:15:59.784Z -INFO vmware-vmx 13549 [fusion@4413 threadName="vmx"] ----------------------------------------
2026-07-04T19:15:59.784Z -INFO vmware-vmx 13549 [fusion@4413 threadName="vmx"] ConfigDB: Failed to load /Library/Preferences/VMware Fusion/config
2026-07-04T19:15:59.784Z -INFO vmware-vmx 13549 [fusion@4413 threadName="vmx"] DictionaryLoad: Cannot open file "/dev/null/Non-existing DEFAULT_LIBDIRECTORY/config": Not a directory.
2026-07-04T19:15:59.784Z -INFO vmware-vmx 13549 [fusion@4413 threadName="vmx"] Msg_Reset:
2026-07-04T19:15:59.784Z -INFO vmware-vmx 13549 [fusion@4413 threadName="vmx"] [msg.dictionary.load.openFailed] Cannot open file "/dev/null/Non-existing DEFAULT_LIBDIRECTORY/config": Not a directory.
2026-07-04T19:15:59.784Z -INFO vmware-vmx 13549 [fusion@4413 threadName="vmx"] ----------------------------------------
2026-07-04T19:15:59.784Z -INFO vmware-vmx 13549 [fusion@4413 threadName="vmx"] ConfigDB: Failed to load /dev/null/Non-existing DEFAULT_LIBDIRECTORY/config
2026-07-04T19:15:59.784Z -INFO vmware-vmx 13549 [fusion@4413 threadName="vmx"] DictionaryLoad: Cannot open file "/dev/null/Non-existing DEFAULT_LIBDIRECTORY/settings": Not a directory.
2026-07-04T19:15:59.784Z -INFO vmware-vmx 13549 [fusion@4413 threadName="vmx"] Msg_Reset:
2026-07-04T19:15:59.784Z -INFO vmware-vmx 13549 [fusion@4413 threadName="vmx"] [msg.dictionary.load.openFailed] Cannot open file "/dev/null/Non-existing DEFAULT_LIBDIRECTORY/settings": Not a directory.
2026-07-04T19:15:59.784Z -INFO vmware-vmx 13549 [fusion@4413 threadName="vmx"] ----------------------------------------
2026-07-04T19:15:59.784Z -INFO vmware-vmx 13549 [fusion@4413 threadName="vmx"] ConfigDB: Failed to load /dev/null/Non-existing DEFAULT_LIBDIRECTORY/settings
2026-07-04T19:15:59.784Z -INFO vmware-vmx 13549 [fusion@4413 threadName="vmx"] DictionaryLoad: Cannot open file "/Users/dapkor/Library/Preferences/VMware Fusion/config": No such file or directory.
2026-07-04T19:15:59.784Z -INFO vmware-vmx 13549 [fusion@4413 threadName="vmx"] Msg_Reset:
2026-07-04T19:15:59.784Z -INFO vmware-vmx 13549 [fusion@4413 threadName="vmx"] [msg.dictionary.load.openFailed] Cannot open file "/Users/dapkor/Library/Preferences/VMware Fusion/config": No such file or directory.
2026-07-04T19:15:59.784Z -INFO vmware-vmx 13549 [fusion@4413 threadName="vmx"] ----------------------------------------
2026-07-04T19:15:59.784Z -INFO vmware-vmx 13549 [fusion@4413 threadName="vmx"] ConfigDB: Failed to load ~/Library/Preferences/VMware Fusion/config
2026-07-04T19:15:59.786Z -INFO vmware-vmx 13549 [fusion@4413 threadName="vmx"] OBJLIB-LIB: Objlib initialized.
2026-07-04T19:15:59.787Z -INFO vmware-vmx 13549 [fusion@4413 threadName="vmx"] DictionaryLoad: Cannot open file "/Library/Preferences/VMware Fusion/config": No such file or directory.
2026-07-04T19:15:59.787Z -INFO vmware-vmx 13549 [fusion@4413 threadName="vmx"] [msg.dictionary.load.openFailed] Cannot open file "/Library/Preferences/VMware Fusion/config": No such file or directory.
2026-07-04T19:15:59.787Z -INFO vmware-vmx 13549 [fusion@4413 threadName="vmx"] PREF Optional preferences file not found at /Library/Preferences/VMware Fusion/config. Using default values.
2026-07-04T19:15:59.787Z -INFO vmware-vmx 13549 [fusion@4413 threadName="vmx"] DictionaryLoad: Cannot open file "/Applications/VMware Fusion.app/Contents/Library/settings": No such file or directory.
2026-07-04T19:15:59.787Z -INFO vmware-vmx 13549 [fusion@4413 threadName="vmx"] [msg.dictionary.load.openFailed] Cannot open file "/Applications/VMware Fusion.app/Contents/Library/settings": No such file or directory.
2026-07-04T19:15:59.787Z -INFO vmware-vmx 13549 [fusion@4413 threadName="vmx"] PREF Optional preferences file not found at /Applications/VMware Fusion.app/Contents/Library/settings. Using default values.
2026-07-04T19:15:59.787Z -INFO vmware-vmx 13549 [fusion@4413 threadName="vmx"] DictionaryLoad: Cannot open file "/Applications/VMware Fusion.app/Contents/Library/config": No such file or directory.
2026-07-04T19:15:59.787Z -INFO vmware-vmx 13549 [fusion@4413 threadName="vmx"] [msg.dictionary.load.openFailed] Cannot open file "/Applications/VMware Fusion.app/Contents/Library/config": No such file or directory.
2026-07-04T19:15:59.787Z -INFO vmware-vmx 13549 [fusion@4413 threadName="vmx"] PREF Optional preferences file not found at /Applications/VMware Fusion.app/Contents/Library/config. Using default values.
2026-07-04T19:15:59.787Z -INFO vmware-vmx 13549 [fusion@4413 threadName="vmx"] DictionaryLoad: Cannot open file "/Users/dapkor/Library/Preferences/VMware Fusion/config": No such file or directory.
2026-07-04T19:15:59.787Z -INFO vmware-vmx 13549 [fusion@4413 threadName="vmx"] [msg.dictionary.load.openFailed] Cannot open file "/Users/dapkor/Library/Preferences/VMware Fusion/config": No such file or directory.
2026-07-04T19:15:59.787Z -INFO vmware-vmx 13549 [fusion@4413 threadName="vmx"] PREF Optional preferences file not found at /Users/dapkor/Library/Preferences/VMware Fusion/config. Using default values.
2026-07-04T19:15:59.799Z -INFO vmware-vmx 13549 [fusion@4413 threadName="vmx"] lib/ssl: OpenSSL using default provider
2026-07-04T19:15:59.803Z -INFO vmware-vmx 13549 [fusion@4413 threadName="vmx"] lib/ssl: Client usage
2026-07-04T19:15:59.803Z -INFO vmware-vmx 13549 [fusion@4413 threadName="vmx"] lib/ssl: protocol list tls1.2,tls1.3
2026-07-04T19:15:59.803Z -INFO vmware-vmx 13549 [fusion@4413 threadName="vmx"] lib/ssl: protocol min 0x303 max 0x304
2026-07-04T19:15:59.803Z -INFO vmware-vmx 13549 [fusion@4413 threadName="vmx"] lib/ssl: protocol list tls1.2,tls1.3 (openssl flags 0x16000000)
2026-07-04T19:15:59.803Z -INFO vmware-vmx 13549 [fusion@4413 threadName="vmx"] lib/ssl: cipher list ECDHE+AESGCM:RSA+AESGCM:ECDHE+AES:RSA+AES
2026-07-04T19:15:59.803Z -INFO vmware-vmx 13549 [fusion@4413 threadName="vmx"] lib/ssl: cipher suites TLS_AES_128_GCM_SHA256:TLS_AES_256_GCM_SHA384
2026-07-04T19:15:59.803Z -INFO vmware-vmx 13549 [fusion@4413 threadName="vmx"] lib/ssl: curves list prime256v1:secp384r1:secp521r1
2026-07-04T19:15:59.804Z -INFO vmware-vmx 13549 [fusion@4413 threadName="vmx"] lib/ssl: Server usage
2026-07-04T19:15:59.804Z -INFO vmware-vmx 13549 [fusion@4413 threadName="vmx"] lib/ssl: protocol list tls1.2,tls1.3
2026-07-04T19:15:59.804Z -INFO vmware-vmx 13549 [fusion@4413 threadName="vmx"] lib/ssl: protocol min 0x303 max 0x304
2026-07-04T19:15:59.804Z -INFO vmware-vmx 13549 [fusion@4413 threadName="vmx"] lib/ssl: protocol list tls1.2,tls1.3 (openssl flags 0x16000000)
2026-07-04T19:15:59.804Z -INFO vmware-vmx 13549 [fusion@4413 threadName="vmx"] lib/ssl: cipher list ECDHE+AESGCM:RSA+AESGCM:ECDHE+AES:RSA+AES
2026-07-04T19:15:59.804Z -INFO vmware-vmx 13549 [fusion@4413 threadName="vmx"] lib/ssl: cipher suites TLS_AES_128_GCM_SHA256:TLS_AES_256_GCM_SHA384
2026-07-04T19:15:59.804Z -INFO vmware-vmx 13549 [fusion@4413 threadName="vmx"] lib/ssl: curves list prime256v1:secp384r1:secp521r1
2026-07-04T19:15:59.806Z -INFO vmware-vmx 13549 [fusion@4413 threadName="vmx"] Hostname=OGD-FGQ7F6QKQF
2026-07-04T19:15:59.806Z -INFO vmware-vmx 13549 [fusion@4413 threadName="vmx"] IP=127.0.0.1 (lo0)
2026-07-04T19:15:59.806Z -INFO vmware-vmx 13549 [fusion@4413 threadName="vmx"] IP=::1 (lo0)
2026-07-04T19:15:59.806Z -INFO vmware-vmx 13549 [fusion@4413 threadName="vmx"] IP=fe80::1 (lo0)
2026-07-04T19:15:59.806Z -INFO vmware-vmx 13549 [fusion@4413 threadName="vmx"] IP=fe80::cf7:ecd2:df02:3c26 (en0)
2026-07-04T19:15:59.806Z -INFO vmware-vmx 13549 [fusion@4413 threadName="vmx"] IP=2001:1c04:3018:e200:4e9:8bc2:aea7:9031 (en0)
2026-07-04T19:15:59.806Z -INFO vmware-vmx 13549 [fusion@4413 threadName="vmx"] IP=2001:1c04:3018:e200:89f1:c7fc:cf7b:8a9e (en0)
2026-07-04T19:15:59.806Z -INFO vmware-vmx 13549 [fusion@4413 threadName="vmx"] IP=192.168.178.89 (en0)
2026-07-04T19:15:59.806Z -INFO vmware-vmx 13549 [fusion@4413 threadName="vmx"] IP=fe80::a810:7aff:feba:a5e8 (awdl0)
2026-07-04T19:15:59.806Z -INFO vmware-vmx 13549 [fusion@4413 threadName="vmx"] IP=fe80::a810:7aff:feba:a5e8 (llw0)
2026-07-04T19:15:59.806Z -INFO vmware-vmx 13549 [fusion@4413 threadName="vmx"] IP=fe80::1de7:a64a:227:59d4 (utun0)
2026-07-04T19:15:59.806Z -INFO vmware-vmx 13549 [fusion@4413 threadName="vmx"] IP=fe80::a076:9487:c88b:2589 (utun1)
2026-07-04T19:15:59.806Z -INFO vmware-vmx 13549 [fusion@4413 threadName="vmx"] IP=fe80::8e8c:fcbd:78a6:8924 (utun2)
2026-07-04T19:15:59.806Z -INFO vmware-vmx 13549 [fusion@4413 threadName="vmx"] IP=fe80::ce81:b1c:bd2c:69e (utun3)
2026-07-04T19:15:59.806Z -INFO vmware-vmx 13549 [fusion@4413 threadName="vmx"] IP=fe80::1c20:1961:3cf3:8939 (utun4)
2026-07-04T19:15:59.806Z -INFO vmware-vmx 13549 [fusion@4413 threadName="vmx"] IP=fe80::a2b:ce5a:641c:b995 (utun5)
2026-07-04T19:15:59.806Z -INFO vmware-vmx 13549 [fusion@4413 threadName="vmx"] IP=fe80::cbe1:8933:9b12:61a2 (utun6)
2026-07-04T19:15:59.806Z -INFO vmware-vmx 13549 [fusion@4413 threadName="vmx"] IP=fe80::97f0:7b49:2b0b:ec48 (utun7)
2026-07-04T19:15:59.806Z -INFO vmware-vmx 13549 [fusion@4413 threadName="vmx"] IP=fe80::4455:8f1:dc2b:e8aa (utun8)
2026-07-04T19:15:59.806Z -INFO vmware-vmx 13549 [fusion@4413 threadName="vmx"] IP=10.240.242.120 (utun8)
2026-07-04T19:15:59.806Z -INFO vmware-vmx 13549 [fusion@4413 threadName="vmx"] IP=fe80::7db3:9c24:d945:c986 (utun9)
2026-07-04T19:15:59.806Z -INFO vmware-vmx 13549 [fusion@4413 threadName="vmx"] IP=fe80::73f0:14df:45ed:2d08 (utun10)
2026-07-04T19:15:59.806Z -INFO vmware-vmx 13549 [fusion@4413 threadName="vmx"] IP=172.16.90.1 (bridge100)
2026-07-04T19:15:59.806Z -INFO vmware-vmx 13549 [fusion@4413 threadName="vmx"] IP=fe80::5c9b:a6ff:fef8:a764 (bridge100)
2026-07-04T19:15:59.806Z -INFO vmware-vmx 13549 [fusion@4413 threadName="vmx"] IP=192.168.249.1 (bridge101)
2026-07-04T19:15:59.806Z -INFO vmware-vmx 13549 [fusion@4413 threadName="vmx"] IP=fe80::5c9b:a6ff:fef8:a765 (bridge101)
2026-07-04T19:15:59.806Z -INFO vmware-vmx 13549 [fusion@4413 threadName="vmx"] System uptime 454183109392 us
2026-07-04T19:15:59.806Z -INFO vmware-vmx 13549 [fusion@4413 threadName="vmx"] Command line: "/Applications/VMware Fusion.app/Contents/Library/vmware-vmx" "-s" "vmx.noUIBuildNumberCheck=TRUE" "-#" "product=1;name=vmrun;version=1.17.0;buildnumber=25388279;licensename=VMware Fusion for Mac OS;licenseversion=13.0;" "-@" "duplex=3;msgs=ui" "/Users/dapkor/Tier-my-ADDS/0-Infrastructure/.vagrant/machines/dc01/vmware_desktop/bdcd0400-8649-4407-97c0-eefe2d1a8b31/windows-server-2022-standard-260201-175857.vmx"
2026-07-04T19:15:59.806Z -INFO vmware-vmx 13549 [fusion@4413 threadName="vmx"] Msg_SetLocaleEx: HostLocale=UTF-8 UserLocale=en
2026-07-04T19:15:59.806Z -INFO vmware-vmx 13549 [fusion@4413 threadName="vmx"] DictionaryLoad: Cannot open file "/Applications/VMware Fusion.app/Contents/Library/messages/en/vmware.vmsg": No such file or directory.
2026-07-04T19:15:59.858Z -INFO vmware-vmx 13549 [fusion@4413 threadName="vmx"] Duplex socket: 3
2026-07-04T19:15:59.879Z -INFO vmware-vmx 13549 [fusion@4413 threadName="vmx"] WQPoolAllocPoll : pollIx = 1, signalHandle = 16
2026-07-04T19:15:59.879Z -INFO vmware-vmx 13549 [fusion@4413 threadName="vmx"] WQPoolAllocPoll : pollIx = 2, signalHandle = 19
2026-07-04T19:15:59.880Z -INFO vmware-vmx 13549 [fusion@4413 threadName="vmx"] VigorTransport listening on fd 20
2026-07-04T19:15:59.880Z -INFO vmware-vmx 13549 [fusion@4413 threadName="vmx"] Vigor_Init 1
2026-07-04T19:15:59.881Z -INFO vmware-vmx 13549 [fusion@4413 threadName="vmx"] Connecting 'ui' to fd '3' with user '(null)'
2026-07-04T19:15:59.881Z -INFO vmware-vmx 13549 [fusion@4413 threadName="vmx"] VmdbAddConnection: cnxPath=/db/connection/#1/, cnxIx=1
2026-07-04T19:15:59.884Z -INFO vmware-vmx 13549 [fusion@4413 threadName="vmx"] /Users/dapkor/Tier-my-ADDS/0-Infrastructure/.vagrant/machines/dc01/vmware_desktop/bdcd0400-8649-4407-97c0-eefe2d1a8b31/windows-server-2022-standard-260201-175857.vmx: Setup symlink /var/run/vmware/vmx/981291450e95e689c34571bb5dbcd211317415873c691d18a9d586c5cf7df969 -> /var/run/vmware/vmx/501/454183162019_13549
2026-07-04T19:15:59.884Z -INFO vmware-vmx 13549 [fusion@4413 threadName="vmx"] Vix: [mainDispatch.c:490]: VMAutomation: Initializing VMAutomation.
2026-07-04T19:15:59.885Z -INFO vmware-vmx 13549 [fusion@4413 threadName="vmx"] Vix: [mainDispatch.c:742]: VMAutomationOpenListenerSocket() listening
2026-07-04T19:15:59.888Z -INFO vmware-vmx 13549 [fusion@4413 threadName="vmx"] Vix: [mainDispatch.c:4171]: VMAutomation_ReportPowerOpFinished: statevar=0, newAppState=1870, success=1 additionalError=0
2026-07-04T19:15:59.888Z -INFO vmware-vmx 13549 [fusion@4413 threadName="vmx"] Transitioned vmx/execState/val to poweredOff
2026-07-04T19:15:59.888Z -INFO vmware-vmx 13549 [fusion@4413 threadName="vmx"] Vix: [mainDispatch.c:4171]: VMAutomation_ReportPowerOpFinished: statevar=1, newAppState=1873, success=1 additionalError=0
2026-07-04T19:15:59.888Z -INFO vmware-vmx 13549 [fusion@4413 threadName="vmx"] Vix: [mainDispatch.c:4171]: VMAutomation_ReportPowerOpFinished: statevar=2, newAppState=1877, success=1 additionalError=0
2026-07-04T19:15:59.888Z -INFO vmware-vmx 13549 [fusion@4413 threadName="vmx"] Vix: [mainDispatch.c:4171]: VMAutomation_ReportPowerOpFinished: statevar=3, newAppState=1881, success=1 additionalError=0
2026-07-04T19:16:00.092Z -INFO vmware-vmx 13549 [fusion@4413 threadName="vmx"] Services_Init: Successfully opened the services.
2026-07-04T19:16:00.094Z -INFO vmware-vmx 13549 [fusion@4413 threadName="vmx"] UTIL: Current file descriptor limit: soft 1048576, hard 4294967295.
2026-07-04T19:16:00.094Z -INFO vmware-vmx 13549 [fusion@4413 threadName="vmx"] Using 24000000 Hz
2026-07-04T19:16:00.094Z -INFO vmware-vmx 13549 [fusion@4413 threadName="vmx"] PTSC: RefClockToPTSC 0 @ 24000000Hz -> 0 @ 24000000Hz
2026-07-04T19:16:00.094Z -INFO vmware-vmx 13549 [fusion@4413 threadName="vmx"] PTSC: RefClockToPTSC ((x * 2147483648) >> 31) + 0
2026-07-04T19:16:00.094Z -INFO vmware-vmx 13549 [fusion@4413 threadName="vmx"] PTSC: tscOffset 0
2026-07-04T19:16:00.094Z -INFO vmware-vmx 13549 [fusion@4413 threadName="vmx"] PTSC: using user-level reference clock
2026-07-04T19:16:00.094Z -INFO vmware-vmx 13549 [fusion@4413 threadName="vmx"] PTSC: hardware TSCs are synchronized.
2026-07-04T19:16:00.094Z -INFO vmware-vmx 13549 [fusion@4413 threadName="vmx"] PTSC: current PTSC=10900401525031
2026-07-04T19:16:00.101Z -INFO vmware-vmx 13549 [fusion@4413 threadName="vmx"] WQPoolAllocPoll : pollIx = 3, signalHandle = 26
2026-07-04T19:16:00.102Z -INFO vmware-vmx 13549 [fusion@4413 threadName="vmx"] Current Display Settings:
2026-07-04T19:16:00.102Z -INFO vmware-vmx 13549 [fusion@4413 threadName="vmx"]    Display: 0 size: 1800x1169 pixelSize: 3600x2338 position: (0, 0) Primary
2026-07-04T19:16:00.104Z -INFO vmware-vmx 13549 [fusion@4413 threadName="vmx"] [102060000-103030000): /Applications/VMware Fusion.app/Contents/Library/vmware-vmx
2026-07-04T19:16:00.118Z -INFO vmware-vmx 13549 [fusion@4413 threadName="vmx"] ConfigVMX_Load: Loaded /Users/dapkor/Tier-my-ADDS/0-Infrastructure/.vagrant/machines/dc01/vmware_desktop/bdcd0400-8649-4407-97c0-eefe2d1a8b31/windows-server-2022-standard-260201-175857.vmx in 779 us
2026-07-04T19:16:00.118Z -INFO vmware-vmx 13549 [fusion@4413 threadName="vmx"] ConfigCheck: No rules file found. Checks are disabled.
2026-07-04T19:16:00.118Z -INFO vmware-vmx 13549 [fusion@4413 threadName="vmx"] changing directory to /Users/dapkor/Tier-my-ADDS/0-Infrastructure/.vagrant/machines/dc01/vmware_desktop/bdcd0400-8649-4407-97c0-eefe2d1a8b31/.
2026-07-04T19:16:00.118Z -INFO vmware-vmx 13549 [fusion@4413 threadName="vmx"] Config file: /Users/dapkor/Tier-my-ADDS/0-Infrastructure/.vagrant/machines/dc01/vmware_desktop/bdcd0400-8649-4407-97c0-eefe2d1a8b31/windows-server-2022-standard-260201-175857.vmx
2026-07-04T19:16:00.118Z -INFO vmware-vmx 13549 [fusion@4413 threadName="vmx"] Vix: [mainDispatch.c:4171]: VMAutomation_ReportPowerOpFinished: statevar=1, newAppState=1873, success=1 additionalError=0
2026-07-04T19:16:00.118Z -INFO vmware-vmx 13549 [fusion@4413 threadName="vmx"] Vix: [mainDispatch.c:4171]: VMAutomation_ReportPowerOpFinished: statevar=2, newAppState=1878, success=1 additionalError=0
2026-07-04T19:16:00.119Z -INFO vmware-vmx 13549 [fusion@4413 threadName="vmx"] LogRotation: Rotating to a new log file (keepOld 3) took 0.000013 seconds.
2026-07-04T19:16:00.123Z -NOTICE vmware-vmx 13549 [fusion@4413 threadName="vmx"] LogVMXReplace: Successful switching from temporary to permanent log file took 0.004376 seconds.
2026-07-04T19:16:00.124Z -INFO vmware-vmx 13549 [fusion@4413 threadName="vmx"] distroName is 'windowsSrvNext'
2026-07-04T19:16:00.126Z -NOTICE vmware-vmx 13549 [fusion@4413 threadName="vmx"] ConfigDB: Setting RemoteDisplay.vnc.key = <not printed>
2026-07-04T19:16:00.134Z -NOTICE vmware-vmx 13549 [fusion@4413 threadName="vmx"] ConfigDB: Setting sata0:0.fileName = "auto detect"
2026-07-04T19:16:00.134Z -NOTICE vmware-vmx 13549 [fusion@4413 threadName="vmx"] ConfigDB: Setting sata1:0.fileName = "auto detect"
2026-07-04T19:16:00.135Z -NOTICE vmware-vmx 13549 [fusion@4413 threadName="vmx"] ConfigDB: Unsetting "inVMTeam"
2026-07-04T19:16:00.136Z -NOTICE vmware-vmx 13549 [fusion@4413 threadName="vmx"] ConfigDB: Setting RemoteDisplay.vnc.key = <not printed>
2026-07-04T19:16:00.141Z -NOTICE vmware-vmx 13549 [fusion@4413 threadName="vmx"] ConfigDB: Setting sata0:0.fileName = "auto detect"
2026-07-04T19:16:00.141Z -NOTICE vmware-vmx 13549 [fusion@4413 threadName="vmx"] ConfigDB: Setting sata1:0.fileName = "auto detect"
2026-07-04T19:16:00.143Z -INFO vmware-vmx 13549 [fusion@4413 threadName="vmx"] VMXVmdbCbVmVmxExecState: Exec state change requested to state poweredOn without reset, default, softOptionTimeout: 0.
2026-07-04T19:16:00.143Z -INFO vmware-vmx 13549 [fusion@4413 threadName="vmx"] Tools: sending 'OS_PowerOn' (state = 3) state change request
2026-07-04T19:16:00.143Z -INFO vmware-vmx 13549 [fusion@4413 threadName="vmx"] Tools: Delaying state change request to state 3.
2026-07-04T19:16:00.143Z -WARNING vmware-vmx 13549 [fusion@4413 threadName="vmx"] PowerOn
2026-07-04T19:16:00.143Z -INFO vmware-vmx 13549 [fusion@4413 threadName="vmx"] VMX_PowerOn: VMX build 25388279, UI build 25388279
2026-07-04T19:16:00.143Z -INFO vmware-vmx 13549 [fusion@4413 threadName="vmx"] Processor affinity not supported on this host OS
2026-07-04T19:16:00.144Z -NOTICE vmware-vmx 13549 [fusion@4413 threadName="vmx"] ConfigDB: Setting RemoteDisplay.vnc.key = <not printed>
2026-07-04T19:16:00.147Z -INFO vmware-vmx 13549 [fusion@4413 threadName="vmx"] Vix: [mainDispatch.c:4171]: VMAutomation_ReportPowerOpFinished: statevar=0, newAppState=1871, success=1 additionalError=0
2026-07-04T19:16:00.149Z -INFO vmware-vmx 13549 [fusion@4413 threadName="vmx"] STATSFILE: StatsFile '/Users/dapkor/Tier-my-ADDS/0-Infrastructure/.vagrant/machines/dc01/vmware_desktop/bdcd0400-8649-4407-97c0-eefe2d1a8b31/windows-server-2022-standard-260201-165737.scoreboard' created
2026-07-04T19:16:00.149Z -INFO vmware-vmx 13549 [fusion@4413 threadName="vmx"] HOST sysname Darwin, nodename OGD-FGQ7F6QKQF, release 25.5.0, version Darwin Kernel Version 25.5.0: Mon Apr 27 20:39:29 PDT 2026; root:xnu-12377.121.6~2/RELEASE_ARM64_T8142, machine arm64
2026-07-04T19:16:00.149Z -INFO vmware-vmx 13549 [fusion@4413 threadName="vmx"] DICT --- GLOBAL SETTINGS /Applications/VMware Fusion.app/Contents/Library/settings
2026-07-04T19:16:00.149Z -INFO vmware-vmx 13549 [fusion@4413 threadName="vmx"] DICT --- NON PERSISTENT (null)
2026-07-04T19:16:00.149Z -INFO vmware-vmx 13549 [fusion@4413 threadName="vmx"] DICT --- USER PREFERENCES /Users/dapkor/Library/Preferences/VMware Fusion/preferences
2026-07-04T19:16:00.149Z -INFO vmware-vmx 13549 [fusion@4413 threadName="vmx"] DICT pref.dataCollectionEnabled.epoch = ""
2026-07-04T19:16:00.149Z -INFO vmware-vmx 13549 [fusion@4413 threadName="vmx"] DICT pref.dataCollectionEnabled = "TRUE"
2026-07-04T19:16:00.149Z -INFO vmware-vmx 13549 [fusion@4413 threadName="vmx"] DICT pref.keyboardAndMouse.vmHotKey.enabled = "FALSE"
2026-07-04T19:16:00.149Z -INFO vmware-vmx 13549 [fusion@4413 threadName="vmx"] DICT pref.keyboardAndMouse.vmHotKey.count = "0"
2026-07-04T19:16:00.149Z -INFO vmware-vmx 13549 [fusion@4413 threadName="vmx"] DICT   pref.lastUpdateCheckSec = "1783190138"
2026-07-04T19:16:00.149Z -INFO vmware-vmx 13549 [fusion@4413 threadName="vmx"] DICT --- USER DEFAULTS /Users/dapkor/Library/Preferences/VMware Fusion/config
2026-07-04T19:16:00.149Z -INFO vmware-vmx 13549 [fusion@4413 threadName="vmx"] DICT --- HOST DEFAULTS /Library/Preferences/VMware Fusion/config
2026-07-04T19:16:00.149Z -INFO vmware-vmx 13549 [fusion@4413 threadName="vmx"] DICT --- SITE DEFAULTS /Applications/VMware Fusion.app/Contents/Library/config
2026-07-04T19:16:00.149Z -INFO vmware-vmx 13549 [fusion@4413 threadName="vmx"] DICT --- NONPERSISTENT
2026-07-04T19:16:00.149Z -INFO vmware-vmx 13549 [fusion@4413 threadName="vmx"] DICT  vmx.noUIBuildNumberCheck = "TRUE"
2026-07-04T19:16:00.149Z -INFO vmware-vmx 13549 [fusion@4413 threadName="vmx"] DICT --- COMMAND LINE
2026-07-04T19:16:00.149Z -INFO vmware-vmx 13549 [fusion@4413 threadName="vmx"] DICT  vmx.noUIBuildNumberCheck = "TRUE"
2026-07-04T19:16:00.149Z -INFO vmware-vmx 13549 [fusion@4413 threadName="vmx"] DICT --- RECORDING
2026-07-04T19:16:00.149Z -INFO vmware-vmx 13549 [fusion@4413 threadName="vmx"] DICT  vmx.noUIBuildNumberCheck = "TRUE"
2026-07-04T19:16:00.149Z -INFO vmware-vmx 13549 [fusion@4413 threadName="vmx"] DICT --- CONFIGURATION /Users/dapkor/Tier-my-ADDS/0-Infrastructure/.vagrant/machines/dc01/vmware_desktop/bdcd0400-8649-4407-97c0-eefe2d1a8b31/windows-server-2022-standard-260201-175857.vmx 
2026-07-04T19:16:00.149Z -INFO vmware-vmx 13549 [fusion@4413 threadName="vmx"] DICT            bios.bootorder = "hdd,cdrom"
2026-07-04T19:16:00.149Z -INFO vmware-vmx 13549 [fusion@4413 threadName="vmx"] DICT        checkpoint.vmstate = ""
2026-07-04T19:16:00.149Z -INFO vmware-vmx 13549 [fusion@4413 threadName="vmx"] DICT             cleanshutdown = "TRUE"
2026-07-04T19:16:00.149Z -INFO vmware-vmx 13549 [fusion@4413 threadName="vmx"] DICT            config.version = "8"
2026-07-04T19:16:00.149Z -INFO vmware-vmx 13549 [fusion@4413 threadName="vmx"] DICT cpuid.corespersocket.cookie = "4"
2026-07-04T19:16:00.149Z -INFO vmware-vmx 13549 [fusion@4413 threadName="vmx"] DICT               displayname = "MEAM-Lab-DC01"
2026-07-04T19:16:00.149Z -INFO vmware-vmx 13549 [fusion@4413 threadName="vmx"] DICT        ehci.pcislotnumber = "-1"
2026-07-04T19:16:00.149Z -INFO vmware-vmx 13549 [fusion@4413 threadName="vmx"] DICT              ehci.present = "FALSE"
2026-07-04T19:16:00.149Z -INFO vmware-vmx 13549 [fusion@4413 threadName="vmx"] DICT     ethernet0.addresstype = "generated"
2026-07-04T19:16:00.149Z -INFO vmware-vmx 13549 [fusion@4413 threadName="vmx"] DICT  ethernet0.connectiontype = "nat"
2026-07-04T19:16:00.149Z -INFO vmware-vmx 13549 [fusion@4413 threadName="vmx"] DICT         ethernet0.present = "TRUE"
2026-07-04T19:16:00.149Z -INFO vmware-vmx 13549 [fusion@4413 threadName="vmx"] DICT      ethernet0.virtualdev = "e1000e"
2026-07-04T19:16:00.149Z -INFO vmware-vmx 13549 [fusion@4413 threadName="vmx"] DICT     ethernet1.addresstype = "generated"
2026-07-04T19:16:00.149Z -INFO vmware-vmx 13549 [fusion@4413 threadName="vmx"] DICT  ethernet1.connectiontype = "custom"
2026-07-04T19:16:00.149Z -INFO vmware-vmx 13549 [fusion@4413 threadName="vmx"] DICT         ethernet1.present = "TRUE"
2026-07-04T19:16:00.149Z -INFO vmware-vmx 13549 [fusion@4413 threadName="vmx"] DICT      ethernet1.virtualdev = "e1000e"
2026-07-04T19:16:00.149Z -INFO vmware-vmx 13549 [fusion@4413 threadName="vmx"] DICT            ethernet1.vnet = "vmnet2"
2026-07-04T19:16:00.149Z -INFO vmware-vmx 13549 [fusion@4413 threadName="vmx"] DICT        extendedconfigfile = "windows-server-2022-standard-260201-175857.vmxf"
2026-07-04T19:16:00.149Z -INFO vmware-vmx 13549 [fusion@4413 threadName="vmx"] DICT            filesearchpath = ".;/Users/dapkor/.vagrant.d/boxes/gusztavvargadr-VAGRANTSLASH-windows-server-2022-standard/2601.0.0/amd64/vmware_desktop"
2026-07-04T19:16:00.149Z -INFO vmware-vmx 13549 [fusion@4413 threadName="vmx"] DICT                  firmware = "efi"
2026-07-04T19:16:00.149Z -INFO vmware-vmx 13549 [fusion@4413 threadName="vmx"] DICT           floppy0.present = "FALSE"
2026-07-04T19:16:00.149Z -INFO vmware-vmx 13549 [fusion@4413 threadName="vmx"] DICT   guestinfo.detailed.data = <not printed>
2026-07-04T19:16:00.149Z -INFO vmware-vmx 13549 [fusion@4413 threadName="vmx"] DICT                   guestos = "windows2019srvnext-64"
2026-07-04T19:16:00.149Z -INFO vmware-vmx 13549 [fusion@4413 threadName="vmx"] DICT   gui.fullscreenatpoweron = "FALSE"
2026-07-04T19:16:00.149Z -INFO vmware-vmx 13549 [fusion@4413 threadName="vmx"] DICT     gui.viewmodeatpoweron = "windowed"
2026-07-04T19:16:00.149Z -INFO vmware-vmx 13549 [fusion@4413 threadName="vmx"] DICT        hgfs.linkrootshare = "TRUE"
2026-07-04T19:16:00.149Z -INFO vmware-vmx 13549 [fusion@4413 threadName="vmx"] DICT         hgfs.maprootshare = "TRUE"
2026-07-04T19:16:00.149Z -INFO vmware-vmx 13549 [fusion@4413 threadName="vmx"] DICT             hpet0.present = "TRUE"
2026-07-04T19:16:00.149Z -INFO vmware-vmx 13549 [fusion@4413 threadName="vmx"] DICT isolation.tools.hgfs.disable = "FALSE"
2026-07-04T19:16:00.149Z -INFO vmware-vmx 13549 [fusion@4413 threadName="vmx"] DICT                   memsize = "4096"
2026-07-04T19:16:00.149Z -INFO vmware-vmx 13549 [fusion@4413 threadName="vmx"] DICT    monitor.phys_bits_used = "45"
2026-07-04T19:16:00.149Z -INFO vmware-vmx 13549 [fusion@4413 threadName="vmx"] DICT            msg.autoanswer = "true"
2026-07-04T19:16:00.149Z -INFO vmware-vmx 13549 [fusion@4413 threadName="vmx"] DICT      numa.autosize.cookie = "40012"
2026-07-04T19:16:00.149Z -INFO vmware-vmx 13549 [fusion@4413 threadName="vmx"] DICT numa.autosize.vcpu.maxpervirtualnode = "4"
2026-07-04T19:16:00.149Z -INFO vmware-vmx 13549 [fusion@4413 threadName="vmx"] DICT                  numvcpus = "2"
2026-07-04T19:16:00.149Z -INFO vmware-vmx 13549 [fusion@4413 threadName="vmx"] DICT       nvme0.pcislotnumber = "160"
2026-07-04T19:16:00.149Z -INFO vmware-vmx 13549 [fusion@4413 threadName="vmx"] DICT             nvme0.present = "TRUE"
2026-07-04T19:16:00.149Z -INFO vmware-vmx 13549 [fusion@4413 threadName="vmx"] DICT          nvme0:0.filename = "disk-cl2.vmdk"
2026-07-04T19:16:00.149Z -INFO vmware-vmx 13549 [fusion@4413 threadName="vmx"] DICT           nvme0:0.present = "TRUE"
2026-07-04T19:16:00.149Z -INFO vmware-vmx 13549 [fusion@4413 threadName="vmx"] DICT              nvme0:0.redo = ""
2026-07-04T19:16:00.149Z -INFO vmware-vmx 13549 [fusion@4413 threadName="vmx"] DICT                     nvram = "windows-server-2022-standard-260201-175857.nvram"
2026-07-04T19:16:00.149Z -INFO vmware-vmx 13549 [fusion@4413 threadName="vmx"] DICT      parallel0.autodetect = "FALSE"
2026-07-04T19:16:00.149Z -INFO vmware-vmx 13549 [fusion@4413 threadName="vmx"] DICT   parallel0.bidirectional = ""
2026-07-04T19:16:00.149Z -INFO vmware-vmx 13549 [fusion@4413 threadName="vmx"] DICT        parallel0.filename = ""
2026-07-04T19:16:00.149Z -INFO vmware-vmx 13549 [fusion@4413 threadName="vmx"] DICT         parallel0.present = "FALSE"
2026-07-04T19:16:00.149Z -INFO vmware-vmx 13549 [fusion@4413 threadName="vmx"] DICT  parallel0.startconnected = "FALSE"
2026-07-04T19:16:00.149Z -INFO vmware-vmx 13549 [fusion@4413 threadName="vmx"] DICT  pcibridge0.pcislotnumber = "17"
2026-07-04T19:16:00.149Z -INFO vmware-vmx 13549 [fusion@4413 threadName="vmx"] DICT        pcibridge0.present = "TRUE"
2026-07-04T19:16:00.149Z -INFO vmware-vmx 13549 [fusion@4413 threadName="vmx"] DICT      pcibridge4.functions = "8"
2026-07-04T19:16:00.149Z -INFO vmware-vmx 13549 [fusion@4413 threadName="vmx"] DICT  pcibridge4.pcislotnumber = "21"
2026-07-04T19:16:00.149Z -INFO vmware-vmx 13549 [fusion@4413 threadName="vmx"] DICT        pcibridge4.present = "TRUE"
2026-07-04T19:16:00.149Z -INFO vmware-vmx 13549 [fusion@4413 threadName="vmx"] DICT     pcibridge4.virtualdev = "pcieRootPort"
2026-07-04T19:16:00.149Z -INFO vmware-vmx 13549 [fusion@4413 threadName="vmx"] DICT      pcibridge5.functions = "8"
2026-07-04T19:16:00.149Z -INFO vmware-vmx 13549 [fusion@4413 threadName="vmx"] DICT  pcibridge5.pcislotnumber = "22"
2026-07-04T19:16:00.149Z -INFO vmware-vmx 13549 [fusion@4413 threadName="vmx"] DICT        pcibridge5.present = "TRUE"
2026-07-04T19:16:00.149Z -INFO vmware-vmx 13549 [fusion@4413 threadName="vmx"] DICT     pcibridge5.virtualdev = "pcieRootPort"
2026-07-04T19:16:00.149Z -INFO vmware-vmx 13549 [fusion@4413 threadName="vmx"] DICT      pcibridge6.functions = "8"
2026-07-04T19:16:00.149Z -INFO vmware-vmx 13549 [fusion@4413 threadName="vmx"] DICT  pcibridge6.pcislotnumber = "23"
2026-07-04T19:16:00.149Z -INFO vmware-vmx 13549 [fusion@4413 threadName="vmx"] DICT        pcibridge6.present = "TRUE"
2026-07-04T19:16:00.149Z -INFO vmware-vmx 13549 [fusion@4413 threadName="vmx"] DICT     pcibridge6.virtualdev = "pcieRootPort"
2026-07-04T19:16:00.149Z -INFO vmware-vmx 13549 [fusion@4413 threadName="vmx"] DICT      pcibridge7.functions = "8"
2026-07-04T19:16:00.149Z -INFO vmware-vmx 13549 [fusion@4413 threadName="vmx"] DICT  pcibridge7.pcislotnumber = "24"
2026-07-04T19:16:00.149Z -INFO vmware-vmx 13549 [fusion@4413 threadName="vmx"] DICT        pcibridge7.present = "TRUE"
2026-07-04T19:16:00.149Z -INFO vmware-vmx 13549 [fusion@4413 threadName="vmx"] DICT     pcibridge7.virtualdev = "pcieRootPort"
2026-07-04T19:16:00.149Z -INFO vmware-vmx 13549 [fusion@4413 threadName="vmx"] DICT          policy.vm.mvmtid = ""
2026-07-04T19:16:00.149Z -INFO vmware-vmx 13549 [fusion@4413 threadName="vmx"] DICT        powertype.poweroff = "soft"
2026-07-04T19:16:00.149Z -INFO vmware-vmx 13549 [fusion@4413 threadName="vmx"] DICT         powertype.poweron = "soft"
2026-07-04T19:16:00.149Z -INFO vmware-vmx 13549 [fusion@4413 threadName="vmx"] DICT           powertype.reset = "soft"
2026-07-04T19:16:00.149Z -INFO vmware-vmx 13549 [fusion@4413 threadName="vmx"] DICT         powertype.suspend = "soft"
2026-07-04T19:16:00.149Z -INFO vmware-vmx 13549 [fusion@4413 threadName="vmx"] DICT   proxyapps.publishtohost = "FALSE"
2026-07-04T19:16:00.149Z -INFO vmware-vmx 13549 [fusion@4413 threadName="vmx"] DICT remotedisplay.vnc.enabled = "FALSE"
2026-07-04T19:16:00.149Z -INFO vmware-vmx 13549 [fusion@4413 threadName="vmx"] DICT      remotedisplay.vnc.ip = "127.0.0.1"
2026-07-04T19:16:00.149Z -INFO vmware-vmx 13549 [fusion@4413 threadName="vmx"] DICT     remotedisplay.vnc.key = <not printed>
2026-07-04T19:16:00.149Z -INFO vmware-vmx 13549 [fusion@4413 threadName="vmx"] DICT remotedisplay.vnc.password = "QopPgmBc"
2026-07-04T19:16:00.149Z -INFO vmware-vmx 13549 [fusion@4413 threadName="vmx"] DICT    remotedisplay.vnc.port = "5960"
2026-07-04T19:16:00.149Z -INFO vmware-vmx 13549 [fusion@4413 threadName="vmx"] DICT           replay.filename = ""
2026-07-04T19:16:00.149Z -INFO vmware-vmx 13549 [fusion@4413 threadName="vmx"] DICT          replay.supported = "FALSE"
2026-07-04T19:16:00.149Z -INFO vmware-vmx 13549 [fusion@4413 threadName="vmx"] DICT       sata0.pcislotnumber = "32"
2026-07-04T19:16:00.149Z -INFO vmware-vmx 13549 [fusion@4413 threadName="vmx"] DICT             sata0.present = "TRUE"
2026-07-04T19:16:00.149Z -INFO vmware-vmx 13549 [fusion@4413 threadName="vmx"] DICT        sata0:0.autodetect = "TRUE"
2026-07-04T19:16:00.149Z -INFO vmware-vmx 13549 [fusion@4413 threadName="vmx"] DICT      sata0:0.clientdevice = "TRUE"
2026-07-04T19:16:00.149Z -INFO vmware-vmx 13549 [fusion@4413 threadName="vmx"] DICT        sata0:0.devicetype = "cdrom-raw"
2026-07-04T19:16:00.149Z -INFO vmware-vmx 13549 [fusion@4413 threadName="vmx"] DICT          sata0:0.filename = "auto detect"
2026-07-04T19:16:00.149Z -INFO vmware-vmx 13549 [fusion@4413 threadName="vmx"] DICT           sata0:0.present = "TRUE"
2026-07-04T19:16:00.149Z -INFO vmware-vmx 13549 [fusion@4413 threadName="vmx"] DICT       sata1.pcislotnumber = "34"
2026-07-04T19:16:00.149Z -INFO vmware-vmx 13549 [fusion@4413 threadName="vmx"] DICT             sata1.present = "TRUE"
2026-07-04T19:16:00.149Z -INFO vmware-vmx 13549 [fusion@4413 threadName="vmx"] DICT        sata1:0.autodetect = "TRUE"
2026-07-04T19:16:00.149Z -INFO vmware-vmx 13549 [fusion@4413 threadName="vmx"] DICT      sata1:0.clientdevice = "TRUE"
2026-07-04T19:16:00.149Z -INFO vmware-vmx 13549 [fusion@4413 threadName="vmx"] DICT        sata1:0.devicetype = "cdrom-raw"
2026-07-04T19:16:00.149Z -INFO vmware-vmx 13549 [fusion@4413 threadName="vmx"] DICT          sata1:0.filename = "auto detect"
2026-07-04T19:16:00.149Z -INFO vmware-vmx 13549 [fusion@4413 threadName="vmx"] DICT           sata1:0.present = "TRUE"
2026-07-04T19:16:00.149Z -INFO vmware-vmx 13549 [fusion@4413 threadName="vmx"] DICT       scsi0.pcislotnumber = "-1"
2026-07-04T19:16:00.149Z -INFO vmware-vmx 13549 [fusion@4413 threadName="vmx"] DICT             scsi0.present = "FALSE"
2026-07-04T19:16:00.149Z -INFO vmware-vmx 13549 [fusion@4413 threadName="vmx"] DICT          scsi0.virtualdev = "lsilogic"
2026-07-04T19:16:00.149Z -INFO vmware-vmx 13549 [fusion@4413 threadName="vmx"] DICT              scsi0:0.redo = ""
2026-07-04T19:16:00.149Z -INFO vmware-vmx 13549 [fusion@4413 threadName="vmx"] DICT        serial0.autodetect = "FALSE"
2026-07-04T19:16:00.149Z -INFO vmware-vmx 13549 [fusion@4413 threadName="vmx"] DICT          serial0.filename = ""
2026-07-04T19:16:00.149Z -INFO vmware-vmx 13549 [fusion@4413 threadName="vmx"] DICT          serial0.filetype = ""
2026-07-04T19:16:00.149Z -INFO vmware-vmx 13549 [fusion@4413 threadName="vmx"] DICT     serial0.pipe.endpoint = ""
2026-07-04T19:16:00.149Z -INFO vmware-vmx 13549 [fusion@4413 threadName="vmx"] DICT           serial0.present = "FALSE"
2026-07-04T19:16:00.149Z -INFO vmware-vmx 13549 [fusion@4413 threadName="vmx"] DICT    serial0.startconnected = "FALSE"
2026-07-04T19:16:00.149Z -INFO vmware-vmx 13549 [fusion@4413 threadName="vmx"] DICT       serial0.trynorxloss = ""
2026-07-04T19:16:00.149Z -INFO vmware-vmx 13549 [fusion@4413 threadName="vmx"] DICT    serial0.yieldonmsrread = ""
2026-07-04T19:16:00.149Z -INFO vmware-vmx 13549 [fusion@4413 threadName="vmx"] DICT              softpoweroff = "TRUE"
2026-07-04T19:16:00.149Z -INFO vmware-vmx 13549 [fusion@4413 threadName="vmx"] DICT          sound.autodetect = "TRUE"
2026-07-04T19:16:00.149Z -INFO vmware-vmx 13549 [fusion@4413 threadName="vmx"] DICT            sound.filename = "-1"
2026-07-04T19:16:00.149Z -INFO vmware-vmx 13549 [fusion@4413 threadName="vmx"] DICT             sound.present = "FALSE"
2026-07-04T19:16:00.149Z -INFO vmware-vmx 13549 [fusion@4413 threadName="vmx"] DICT      sound.startconnected = "FALSE"
2026-07-04T19:16:00.149Z -INFO vmware-vmx 13549 [fusion@4413 threadName="vmx"] DICT svga.guestbackedprimaryaware = "TRUE"
2026-07-04T19:16:00.149Z -INFO vmware-vmx 13549 [fusion@4413 threadName="vmx"] DICT             svga.vramsize = "268435456"
2026-07-04T19:16:00.149Z -INFO vmware-vmx 13549 [fusion@4413 threadName="vmx"] DICT tools.capability.verifiedsamltoken = "TRUE"
2026-07-04T19:16:00.149Z -INFO vmware-vmx 13549 [fusion@4413 threadName="vmx"] DICT            tools.synctime = "TRUE"
2026-07-04T19:16:00.149Z -INFO vmware-vmx 13549 [fusion@4413 threadName="vmx"] DICT      tools.upgrade.policy = "upgradeAtPowerCycle"
2026-07-04T19:16:00.149Z -INFO vmware-vmx 13549 [fusion@4413 threadName="vmx"] DICT         usb.pcislotnumber = "-1"
2026-07-04T19:16:00.149Z -INFO vmware-vmx 13549 [fusion@4413 threadName="vmx"] DICT               usb.present = "FALSE"
2026-07-04T19:16:00.149Z -INFO vmware-vmx 13549 [fusion@4413 threadName="vmx"] DICT               uuid.action = "create"
2026-07-04T19:16:00.149Z -INFO vmware-vmx 13549 [fusion@4413 threadName="vmx"] DICT                 uuid.bios = ""
2026-07-04T19:16:00.149Z -INFO vmware-vmx 13549 [fusion@4413 threadName="vmx"] DICT             uuid.location = ""
2026-07-04T19:16:00.149Z -INFO vmware-vmx 13549 [fusion@4413 threadName="vmx"] DICT                   vc.uuid = ""
2026-07-04T19:16:00.149Z -INFO vmware-vmx 13549 [fusion@4413 threadName="vmx"] DICT                vhv.enable = "FALSE"
2026-07-04T19:16:00.149Z -INFO vmware-vmx 13549 [fusion@4413 threadName="vmx"] DICT virtualhw.productcompatibility = "hosted"
2026-07-04T19:16:00.149Z -INFO vmware-vmx 13549 [fusion@4413 threadName="vmx"] DICT         virtualhw.version = "20"
2026-07-04T19:16:00.149Z -INFO vmware-vmx 13549 [fusion@4413 threadName="vmx"] DICT                  vmci0.id = "1861462627"
2026-07-04T19:16:00.149Z -INFO vmware-vmx 13549 [fusion@4413 threadName="vmx"] DICT       vmci0.pcislotnumber = "35"
2026-07-04T19:16:00.149Z -INFO vmware-vmx 13549 [fusion@4413 threadName="vmx"] DICT             vmci0.present = "TRUE"
2026-07-04T19:16:00.149Z -INFO vmware-vmx 13549 [fusion@4413 threadName="vmx"] DICT  vmotion.checkpointfbsize = "4194304"
2026-07-04T19:16:00.149Z -INFO vmware-vmx 13549 [fusion@4413 threadName="vmx"] DICT vmotion.checkpointsvgaprimarysize = "268435456"
2026-07-04T19:16:00.149Z -INFO vmware-vmx 13549 [fusion@4413 threadName="vmx"] DICT vmotion.svga.graphicsmemorykb = "262144"
2026-07-04T19:16:00.149Z -INFO vmware-vmx 13549 [fusion@4413 threadName="vmx"] DICT   vmotion.svga.mobmaxsize = "268435456"
2026-07-04T19:16:00.149Z -INFO vmware-vmx 13549 [fusion@4413 threadName="vmx"] DICT         vmxstats.filename = "windows-server-2022-standard-260201-165737.scoreboard"
2026-07-04T19:16:00.149Z -INFO vmware-vmx 13549 [fusion@4413 threadName="vmx"] DICT --- USER DEFAULTS ~/Library/Preferences/VMware Fusion/config 
2026-07-04T19:16:00.149Z -INFO vmware-vmx 13549 [fusion@4413 threadName="vmx"] DICT --- HOST DEFAULTS /Library/Preferences/VMware Fusion/config 
2026-07-04T19:16:00.149Z -INFO vmware-vmx 13549 [fusion@4413 threadName="vmx"] DICT --- SITE DEFAULTS /dev/null/Non-existing DEFAULT_LIBDIRECTORY/config 
2026-07-04T19:16:00.149Z -INFO vmware-vmx 13549 [fusion@4413 threadName="vmx"] DICT --- GLOBAL SETTINGS /dev/null/Non-existing DEFAULT_LIBDIRECTORY/settings 
2026-07-04T19:16:00.150Z -INFO vmware-vmx 13549 [fusion@4413 threadName="vmx"] Msg_Post: Error
2026-07-04T19:16:00.150Z -INFO vmware-vmx 13549 [fusion@4413 threadName="vmx"] [msg.guestos.badArch] This virtual machine cannot be powered on because it requires the X86 machine architecture, which is incompatible with this Arm machine architecture host. See KB-84273.
2026-07-04T19:16:00.150Z -INFO vmware-vmx 13549 [fusion@4413 threadName="vmx"] ----------------------------------------
2026-07-04T19:16:00.150Z -INFO vmware-vmx 13549 [fusion@4413 threadName="vmx"] MsgIsAnswered: Using builtin default 'OK' as the answer for 'msg.guestos.badArch'
2026-07-04T19:16:00.150Z -INFO vmware-vmx 13549 [fusion@4413 threadName="vmx"] Module 'GuestOS' power on failed.
2026-07-04T19:16:00.150Z -INFO vmware-vmx 13549 [fusion@4413 threadName="vmx"] VMX_PowerOn: ModuleTable_PowerOn = 0
2026-07-04T19:16:00.150Z -INFO vmware-vmx 13549 [fusion@4413 threadName="vmx"] STATSFILE: Amount of dynamic storage used: 520
2026-07-04T19:16:00.150Z -INFO vmware-vmx 13549 [fusion@4413 threadName="vmx"] STATSFILE: Number of entries made: 44
2026-07-04T19:16:00.150Z -INFO vmware-vmx 13549 [fusion@4413 threadName="vmx"] Vix: [mainDispatch.c:4171]: VMAutomation_ReportPowerOpFinished: statevar=0, newAppState=1870, success=1 additionalError=0
2026-07-04T19:16:00.150Z -INFO vmware-vmx 13549 [fusion@4413 threadName="vmx"] Transitioned vmx/execState/val to poweredOff
2026-07-04T19:16:00.150Z -INFO vmware-vmx 13549 [fusion@4413 threadName="vmx"] Vix: [mainDispatch.c:4171]: VMAutomation_ReportPowerOpFinished: statevar=0, newAppState=1870, success=0 additionalError=0
2026-07-04T19:16:00.150Z -INFO vmware-vmx 13549 [fusion@4413 threadName="vmx"] Vix: [mainDispatch.c:4209]: Error VIX_E_FAIL in VMAutomation_ReportPowerOpFinished(): Unknown error
2026-07-04T19:16:00.151Z -INFO vmware-vmx 13549 [fusion@4413 threadName="vmx"] Vix: [mainDispatch.c:4171]: VMAutomation_ReportPowerOpFinished: statevar=0, newAppState=1870, success=1 additionalError=0
2026-07-04T19:16:00.151Z -INFO vmware-vmx 13549 [fusion@4413 threadName="vmx"] Transitioned vmx/execState/val to poweredOff
2026-07-04T19:16:00.151Z -INFO vmware-vmx 13549 [fusion@4413 threadName="vmx"] WQPoolFreePoll : pollIx = 3, signalHandle = 26
2026-07-04T19:16:00.151Z -INFO vmware-vmx 13549 [fusion@4413 threadName="vmx"] Services_Exit: Closed the services.
2026-07-04T19:16:00.151Z -INFO vmware-vmx 13549 [fusion@4413 threadName="vmx"] Vix: [mainDispatch.c:819]: VMAutomation_LateShutdown()
2026-07-04T19:16:00.151Z -INFO vmware-vmx 13549 [fusion@4413 threadName="vmx"] Vix: [mainDispatch.c:774]: VMAutomationCloseListenerSocket. Closing listener socket.
2026-07-04T19:16:00.153Z -INFO vmware-vmx 13549 [fusion@4413 threadName="vmx"] Flushing VMX VMDB connections
2026-07-04T19:16:00.153Z -INFO vmware-vmx 13549 [fusion@4413 threadName="vmx"] VmdbDbRemoveCnx: Removing Cnx from Db for '/db/connection/#1/'
2026-07-04T19:16:00.153Z -INFO vmware-vmx 13549 [fusion@4413 threadName="vmx"] VmdbCnxDisconnect: Disconnect: closed pipe for pub cnx '/db/connection/#1/' (0)
2026-07-04T19:16:00.153Z -INFO vmware-vmx 13549 [fusion@4413 threadName="vmx"] VigorTransport_ServerDestroy: server destroyed.
2026-07-04T19:16:00.154Z -INFO vmware-vmx 13549 [fusion@4413 threadName="vmx"] WQPoolFreePoll : pollIx = 2, signalHandle = 14
2026-07-04T19:16:00.154Z -INFO vmware-vmx 13549 [fusion@4413 threadName="vmx"] WQPoolFreePoll : pollIx = 1, signalHandle = 15
2026-07-04T19:16:00.156Z -INFO vmware-vmx 13549 [fusion@4413 threadName="vmx"] VMX exit (0).
2026-07-04T19:16:00.156Z -INFO vmware-vmx 13549 [fusion@4413 threadName="vmx"] OBJLIB-LIB: ObjLib cleanup done.
